04-14 13:44:00.090  8672  8672 F DEBUG   :       #167 pc 0000000000229fa8  /apex/com.android.art/lib64/libart.so (art::ArtMethod::Invoke(art::Thread*, unsigned int*, unsigned int, art::JValue*, char const*)+156) (BuildId: d7482e7553ade693032cde26f7f334f8)
04-14 13:44:00.090  8672  8672 F DEBUG   :       #168 pc 0000000000229c64  /apex/com.android.art/lib64/libart.so (art::JValue art::InvokeVirtualOrInterfaceWithJValues<art::ArtMethod*>(art::ScopedObjectAccessAlreadyRunnable const&, _jobject*, art::ArtMethod*, jvalue const*)+380) (BuildId: d7482e7553ade693032cde26f7f334f8)
04-14 13:44:00.090  8672  8672 F DEBUG   :       #169 pc 000000000059f530  /apex/com.android.art/lib64/libart.so (art::Thread::CreateCallback(void*)+784) (BuildId: d7482e7553ade693032cde26f7f334f8)
04-14 13:44:00.090  8672  8672 F DEBUG   :       #170 pc 00000000000b1738  /apex/com.android.runtime/lib64/bionic/libc.so (__pthread_start(void*)+64) (BuildId: 8b16fe3e93f719689cd94a44cb4bcce4)
04-14 13:44:00.090  8672  8672 F DEBUG   :       #171 pc 0000000000051680  /apex/com.android.runtime/lib64/bionic/libc.so (__start_thread+64) (BuildId: 8b16fe3e93f719689cd94a44cb4bcce4)
04-14 13:44:00.437   548   548 I lowmemorykiller: Kill 'com.google.android.gms' (8462), uid 10179, oom_adj 915 to free 28976kB; reason: low watermark is breached and thrashing (1061%)
04-14 13:44:00.456   790   790 I Zygote  : Process 8462 exited due to signal 9 (Killed)
04-14 13:44:00.456  1825  5706 I ActivityManager: Process com.google.android.gms (pid 8462) has died: cch+15 CEM 
04-14 13:44:00.458 31052 31052 I EuiccGoogle: [2] EuiccServiceImpl.onDestroy: onDestroy: EuiccService on destroy.
04-14 13:44:00.462  1825  2089 I libprocessgroup: Successfully killed process cgroup uid 10179 pid 8462 in 1ms
04-14 13:44:00.502 31052 31052 I EuiccGoogle: [2] EuiccServiceImpl.disposeEuiccCard: disposeEuiccCard.
04-14 13:44:00.547 12585 12585 I AppBase : AppBase.onTrimMemory():639 onTrimMemory(): 15
04-14 13:44:00.559 12585 12585 I GoogleInputMethodService: GoogleInputMethodService.onTrimMemory():4323 onTrimMemory(): 15
04-14 13:44:01.960  1896  1932 I pixel-thermal: skin-therm-monitor: 38.713 degC
04-14 13:44:03.400   675   675 E tombstoned: Tombstone written to: /data/tombstones/tombstone_10
04-14 13:44:03.417  1825  2112 I BootReceiver: Copying /data/tombstones/tombstone_10 to DropBox (SYSTEM_TOMBSTONE)
04-14 13:44:03.418  1825  2112 I DropBoxManagerService: add tag=SYSTEM_TOMBSTONE isTagEnabled=true flags=0x6
04-14 13:44:03.423  1825  8677 I DropBoxManagerService: add tag=data_app_native_crash isTagEnabled=true flags=0x6
04-14 13:44:03.429  1825  2072 W BroadcastQueue: Background execution not allowed: receiving Intent { act=android.intent.action.DROPBOX_ENTRY_ADDED flg=0x10 (has extras) } to com.google.android.gms/.stats.service.DropBoxEntryAddedReceiver
04-14 13:44:03.429  1825  2072 W BroadcastQueue: Background execution not allowed: receiving Intent { act=android.intent.action.DROPBOX_ENTRY_ADDED flg=0x10 (has extras) } to com.google.android.gms/.chimera.GmsIntentOperationService$PersistentTrustedReceiver
04-14 13:44:03.431  1825  2072 W BroadcastQueue: Background execution not allowed: receiving Intent { act=android.intent.action.DROPBOX_ENTRY_ADDED flg=0x10 (has extras) } to com.google.android.gms/.stats.service.DropBoxEntryAddedReceiver
04-14 13:44:03.431  1825  2072 W BroadcastQueue: Background execution not allowed: receiving Intent { act=android.intent.action.DROPBOX_ENTRY_ADDED flg=0x10 (has extras) } to com.google.android.gms/.chimera.GmsIntentOperationService$PersistentTrustedReceiver
04-14 13:44:03.570  1825  5706 D CompatibilityChangeReporter: Compat change id reported: 135634846; UID 10179; state: DISABLED
04-14 13:44:03.571  1825  5706 D CompatibilityChangeReporter: Compat change id reported: 135754954; UID 10179; state: ENABLED
04-14 13:44:03.571  1825  2073 D CompatibilityChangeReporter: Compat change id reported: 143937733; UID 10179; state: ENABLED
04-14 13:44:03.625   790   790 D Zygote  : Forked child process 8681
04-14 13:44:03.627  8681  8681 I zygote64: Disabled memory mitigations for process.
04-14 13:44:03.628  1825  2073 W ActivityManager: Slow operation: 58ms so far, now at startProcess: returned from zygote!
04-14 13:44:03.628  1825  2073 W ActivityManager: Slow operation: 59ms so far, now at startProcess: done updating battery stats
04-14 13:44:03.633  1825  2073 W ActivityManager: Slow operation: 64ms so far, now at startProcess: building log message
04-14 13:44:03.633  1825  2073 I ActivityManager: Start proc 8681:com.google.android.gms/u0a179 for service {com.google.android.gms/com.google.android.gms.chimera.GmsIntentOperationService}
04-14 13:44:03.633  1825  2073 W ActivityManager: Slow operation: 64ms so far, now at startProcess: starting to update pids map
04-14 13:44:03.633  1825  2073 W ActivityManager: Slow operation: 64ms so far, now at startProcess: done updating pids map
04-14 13:44:03.678  8681  8681 E gle.android.gm: Not starting debugger since process cannot load the jdwp agent.
04-14 13:44:03.733  8681  8681 D CompatibilityChangeReporter: Compat change id reported: 171979766; UID 10179; state: DISABLED
04-14 13:44:03.860  8681  8681 D nativeloader: classloader namespace configured for unbundled product apk. library_path=/product/priv-app/PrebuiltGmsCore/lib/arm64:/product/priv-app/PrebuiltGmsCore/PrebuiltGmsCoreRvc.apk!/lib/arm64-v8a:/product/lib64:/system/product/lib64
04-14 13:44:03.942  8681  8681 V GraphicsEnvironment: ANGLE Developer option for 'com.google.android.gms' set to: 'default'
04-14 13:44:03.952  8681  8681 D NetworkSecurityConfig: Using Network Security Config from resource network_security_config debugBuild: false
04-14 13:44:03.955  8681  8681 D NetworkSecurityConfig: Using Network Security Config from resource network_security_config debugBuild: false
04-14 13:44:03.966  1896  1932 I pixel-thermal: skin-therm-monitor: 38.713 degC
04-14 13:44:04.042  1825  5706 I ActivityManager: Process com.google.amber (pid 8646) has died: fg  FGS 
04-14 13:44:04.042   790   790 I Zygote  : Process 8646 exited due to signal 6 (Aborted)
04-14 13:44:04.043  1825  2089 I libprocessgroup: Successfully killed process cgroup uid 10276 pid 8646 in 0ms
04-14 13:44:04.043  1825  5706 W ActivityManager: Crash of app com.google.amber running instrumentation ComponentInfo{com.google.amber.test/androidx.test.runner.AndroidJUnitRunner}
04-14 13:44:04.044  1825  5706 I ActivityManager: Force stopping com.google.amber appid=10276 user=0: finished inst
04-14 13:44:04.049  8631  8631 D AndroidRuntime: Shutting down VM
04-14 13:44:04.636  8681  8681 I DynamiteModule: Considering local module com.google.android.gms.permissions:1 and remote module com.google.android.gms.permissions:1
04-14 13:44:04.636  8681  8681 I DynamiteModule: Selected local version of com.google.android.gms.permissions
04-14 13:44:04.852  8681  8681 W ProviderHelper: Unknown dynamite feature providerinstaller.dynamite
04-14 13:44:04.853  8681  8681 I DynamiteModule: Considering local module com.google.android.gms.providerinstaller.dynamite:1 and remote module com.google.android.gms.providerinstaller.dynamite:0
04-14 13:44:04.853  8681  8681 I DynamiteModule: Selected local version of com.google.android.gms.providerinstaller.dynamite
04-14 13:44:04.916  8681  8681 V NativeCrypto: Registering com/google/android/gms/org/conscrypt/NativeCrypto's 287 native methods...
04-14 13:44:05.006  8681  8681 I ProviderInstaller: Installed default security provider GmsCore_OpenSSL
04-14 13:44:05.007  8681  8681 I Safeboot: Checking safeboot...
04-14 13:44:05.007  8681  8681 I Safeboot: Not entering safeboot; wrong process.
04-14 13:44:05.108  8681  8681 I Watchcat: Started
04-14 13:44:05.177  8681  8681 I GMS_MM_Logger: Started.
04-14 13:44:05.179  8681  8681 I bfpz    : Primes not initialized, returning default (no-op) Primes instance which will ignore all calls. Please call Primes.initialize(...) before using any Primes API.
04-14 13:44:05.237  8681  8713 D CompatibilityChangeReporter: Compat change id reported: 160794467; UID 10179; state: DISABLED


STDERR:



STATUS CRASH

